// Jest Snapshot v1, https://goo.gl/fbAQLP

exports[`Renders ExpenseDashboardPage 1`] = `
<div
  className="app-body"
>
  <Connect(ExpenseSummary) />
  <Connect(ExpenseListFilters) />
  <Connect(ExpenseList)
    expenses={Array []}
  />
</div>
`;
