// Jest Snapshot v1, https://goo.gl/fbAQLP

exports[`Renders ExpenseListItem 1`] = `
<div>
  <div>
    <Link
      replace={false}
      to="/edit/1"
    >
      2
    </Link>
    - 
    4
    - 
    5
  </div>
</div>
`;
